[
    {
        "id": 2487956,
        "name": "San Francisco"
    },
    {
        "id": 2487889,
        "name": "San Diego"
    },
    {
        "id": 2488042,
        "name": "San Jose"
    },
    {
        "id": 2487796,
        "name": "San Antonio"
    },
    {
        "id": 2488853,
        "name": "Santa Cruz"
    },
    {
        "id": 349859,
        "name": "Santiago"
    },
    {
        "id": 56558361,
        "name": "Santorini"
    },
    {
        "id": 773964,
        "name": "Santander"
    },
    {
        "id": 1132447,
        "name": "Busan"
    },
    {
        "id": 773692,
        "name": "Santa Cruz de Tenerife"
    },
    {
        "id": 2488867,
        "name": "Santa Fe"
    }
]